------------------------------------------------------------
Timing Analyzer Summary
------------------------------------------------------------

Type  : Slow 1100mV 85C Model Setup 'CLK_50'
Slack : -3.372
TNS   : -134.745

Type  : Slow 1100mV 85C Model Setup 'SETMODE'
Slack : -1.861
TNS   : -29.764

Type  : Slow 1100mV 85C Model Hold 'CLK_50'
Slack : 0.444
TNS   : 0.000

Type  : Slow 1100mV 85C Model Hold 'SETMODE'
Slack : 0.928
TNS   : 0.000

Type  : Slow 1100mV 85C Model Minimum Pulse Width 'CLK_50'
Slack : -0.538
TNS   : -32.320

Type  : Slow 1100mV 85C Model Minimum Pulse Width 'SETMODE'
Slack : -0.538
TNS   : -17.197

Type  : Slow 1100mV 0C Model Setup 'CLK_50'
Slack : -3.370
TNS   : -134.898

Type  : Slow 1100mV 0C Model Setup 'SETMODE'
Slack : -1.880
TNS   : -30.816

Type  : Slow 1100mV 0C Model Hold 'CLK_50'
Slack : 0.449
TNS   : 0.000

Type  : Slow 1100mV 0C Model Hold 'SETMODE'
Slack : 0.869
TNS   : 0.000

Type  : Slow 1100mV 0C Model Minimum Pulse Width 'CLK_50'
Slack : -0.538
TNS   : -32.795

Type  : Slow 1100mV 0C Model Minimum Pulse Width 'SETMODE'
Slack : -0.538
TNS   : -16.385

Type  : Fast 1100mV 85C Model Setup 'CLK_50'
Slack : -1.137
TNS   : -43.893

Type  : Fast 1100mV 85C Model Setup 'SETMODE'
Slack : -0.581
TNS   : -7.647

Type  : Fast 1100mV 85C Model Hold 'CLK_50'
Slack : 0.182
TNS   : 0.000

Type  : Fast 1100mV 85C Model Hold 'SETMODE'
Slack : 0.374
TNS   : 0.000

Type  : Fast 1100mV 85C Model Minimum Pulse Width 'SETMODE'
Slack : -0.349
TNS   : -6.492

Type  : Fast 1100mV 85C Model Minimum Pulse Width 'CLK_50'
Slack : -0.097
TNS   : -3.981

Type  : Fast 1100mV 0C Model Setup 'CLK_50'
Slack : -0.963
TNS   : -37.042

Type  : Fast 1100mV 0C Model Setup 'SETMODE'
Slack : -0.490
TNS   : -6.322

Type  : Fast 1100mV 0C Model Hold 'CLK_50'
Slack : 0.173
TNS   : 0.000

Type  : Fast 1100mV 0C Model Hold 'SETMODE'
Slack : 0.348
TNS   : 0.000

Type  : Fast 1100mV 0C Model Minimum Pulse Width 'SETMODE'
Slack : -0.329
TNS   : -6.108

Type  : Fast 1100mV 0C Model Minimum Pulse Width 'CLK_50'
Slack : -0.097
TNS   : -4.004

------------------------------------------------------------
