------------------------------------------------------------
TimeQuest Timing Analyzer Summary
------------------------------------------------------------

Type  : Slow 1100mV 85C Model Minimum Pulse Width 'KEY0'
Slack : -0.568
TNS   : -8.831

Type  : Slow 1100mV 85C Model Minimum Pulse Width 'KEY2'
Slack : -0.538
TNS   : -8.302

Type  : Slow 1100mV 85C Model Minimum Pulse Width 'KEY1'
Slack : -0.538
TNS   : -8.228

Type  : Slow 1100mV 0C Model Minimum Pulse Width 'KEY0'
Slack : -0.538
TNS   : -8.263

Type  : Slow 1100mV 0C Model Minimum Pulse Width 'KEY1'
Slack : -0.538
TNS   : -7.784

Type  : Slow 1100mV 0C Model Minimum Pulse Width 'KEY2'
Slack : -0.538
TNS   : -7.681

Type  : Fast 1100mV 85C Model Minimum Pulse Width 'KEY0'
Slack : -0.624
TNS   : -8.107

Type  : Fast 1100mV 85C Model Minimum Pulse Width 'KEY1'
Slack : -0.595
TNS   : -7.644

Type  : Fast 1100mV 85C Model Minimum Pulse Width 'KEY2'
Slack : -0.582
TNS   : -7.379

Type  : Fast 1100mV 0C Model Minimum Pulse Width 'KEY1'
Slack : -0.638
TNS   : -8.520

Type  : Fast 1100mV 0C Model Minimum Pulse Width 'KEY0'
Slack : -0.637
TNS   : -8.466

Type  : Fast 1100mV 0C Model Minimum Pulse Width 'KEY2'
Slack : -0.610
TNS   : -7.989

------------------------------------------------------------
